// Vitest Snapshot v1, https://vitest.dev/guide/snapshot.html

exports[`renders GetStartedForm component 1`] = `
<div>
  <div>
    <div
      class="bg-white rounded-lg shadow-xl p-8"
    >
      <div
        class="max-w-md mx-auto"
      >
        <h2
          class="text-3xl font-bold text-gray-900 mb-2"
        >
          Join the waitlist
        </h2>
        <p
          class="text-gray-600 mb-8"
        >
          Be among the first to experience the future of AI-powered portfolio management.
        </p>
        <p>
          It doesn't work.
        </p>
        <p>
          Don't miss out!
        </p>
        <p>
          Let's get started!
        </p>
        <form
          class="space-y-6"
        >
          <div>
            <label
              class="block text-sm font-medium text-gray-700 mb-1"
              for="name"
            >
              Full Name
            </label>
            <input
              class="w-full px-3 py-2 border border-gray-300 rounded-md focus:outline-none focus:ring-2 focus:ring-blue-500"
              id="name"
              required=""
              type="text"
              value=""
            />
          </div>
          <div>
            <label
              class="block text-sm font-medium text-gray-700 mb-1"
              for="email"
            >
              Email Address
            </label>
            <input
              class="w-full px-3 py-2 border border-gray-300 rounded-md focus:outline-none focus:ring-2 focus:ring-blue-500"
              id="email"
              required=""
              type="email"
              value=""
            />
          </div>
          <button
            class="w-full bg-blue-600 text-white py-3 px-4 rounded-md hover:bg-blue-700 transition-colors disabled:opacity-50"
            type="submit"
          >
            Join Waitlist
          </button>
        </form>
      </div>
    </div>
  </div>
</div>
`;
